Searching for FRAME pallet definition ...
Searching for public associated function definitions ...
