Searching for FRAME pallet definition ...
Searching for dispatchable function definitions ...
Searching for public associated function definitions ...
