warning: possible attempt to cast with overflow
  --> tests/ui/driver/tractable-skeleton-int-cast-overflow.rs:25:24
   |
LL |             let val2 = val as u8;
   |                        ^^^^^^^^^

warning: 1 warning emitted

