Searching for FRAME pallet definition ...
Searching for dispatchable function definitions ...
Searching for implementations of pallet hooks ...
Searching for public associated function definitions ...
Searching for pallet associated function calls ...
Generating tractable entry points for FRAME pallet ...
Generating specialized summaries ...
Analyzing FRAME pallet with MIRAI ...
Creating summaries for FRAME and Substrate functions ...
Analyzing dispatchables ...
Analyzing dispatchable: `check_status` ...
Analyzing dispatchable: `payout` ...
Analyzing dispatchable: `remove_approval` ...
Analyzing dispatchable: `spend` ...
Analyzing dispatchable: `spend_local` ...
Analyzing dispatchable: `void_spend` ...
Analyzing hooks ...
Analyzing hook: `<Self as frame_support::traits::Hooks>::on_initialize` ...
Analyzing pub assoc fns ...
Analyzing pub assoc fn: `account_id` ...
Analyzing pub assoc fn: `approvals` ...
Analyzing pub assoc fn: `pot` ...
Analyzing pub assoc fn: `proposal_count` ...
Analyzing pub assoc fn: `proposals` ...
Analyzing pub assoc fn: `spend_funds` ...
Analyzing pub assoc fn: `<Self as frame_support::traits::OnUnbalanced>::on_nonzero_unbalanced` ...
