warning: possible attempt to cast with overflow
  --> src/lib.rs:545:24
   |
LL |             let mut approvals = m.approvals.len() as u16;
   |                                 ^^^^^^^^^^^^^^^^^^^^^^^^

warning: possible attempt to cast with overflow
  --> src/lib.rs:545:24
   |
LL |             let mut approvals = m.approvals.len() as u16;
   |                                 ^^^^^^^^^^^^^^^^^^^^^^^^
   |
   = note: duplicate diagnostic emitted due to `-Z deduplicate-diagnostics=no`

