Searching for FRAME pallet definition ...
Searching for dispatchable function definitions ...
Searching for implementations of pallet hooks ...
Searching for public associated function definitions ...
Searching for pallet associated function calls ...
Generating tractable entry points for FRAME pallet ...
Analyzing FRAME pallet with MIRAI ...
Creating summaries for FRAME and Substrate functions ...
Analyzing dispatchables ...
Analyzing dispatchable: `approve_as_multi` ...
Analyzing dispatchable: `as_multi` ...
Analyzing dispatchable: `as_multi_threshold_1` ...
Analyzing dispatchable: `cancel_as_multi` ...
Analyzing pub assoc fns ...
Analyzing pub assoc fn: `multi_account_id` ...
Analyzing pub assoc fn: `timepoint` ...
