error: Failed to generate tractable entry points for any dispatchable function in public interface
   |
   = help: Add some unit tests for dispatchable functions.

error: could not compile `no-specialized-dispatchable-calls` (lib test) due to 1 previous error
