Searching for FRAME pallet definition ...
Searching for dispatchable function definitions ...
Searching for public associated function definitions ...
Searching for pallet associated function calls ...
Generating tractable entry points for FRAME pallet ...
Analyzing FRAME pallet with MIRAI ...
Creating summaries for FRAME and Substrate functions ...
Analyzing dispatchables ...
Analyzing dispatchable: `ensure_updated` ...
Analyzing dispatchable: `note_preimage` ...
Analyzing dispatchable: `request_preimage` ...
Analyzing dispatchable: `unnote_preimage` ...
Analyzing dispatchable: `unrequest_preimage` ...
