warning: possible no zeros!
  --> src/lib.rs:21:17
   |
LL |                 panic!("no zeros!"); //~ WARN: no zeros!
   |                 ^^^^^^^^^^^^^^^^^^^

